Difference volume in m3 is -0.01
Summation volume in m3 is 15.63
15.623046875
65.45802818065609
-49.82484694978736
65.44789382478736
